
IDD labels found:
  THING : animal
  THING : autorickshaw
  THING : bicycle
  STUFF : billboard                      -> 53
  STUFF : bridge                         -> 2
  STUFF : building                       -> 49
  THING : bus
  THING : car
  THING : caravan
  STUFF : curb                           -> 54
  STUFF : drivable fallback              -> 58
  IGNORE: ego vehicle
  STUFF : fallback background            -> 255
  STUFF : fence                          -> 37
  STUFF : ground                         -> 62
  STUFF : guard rail                     -> 55
  IGNORE: license plate
  THING : motorcycle
  STUFF : non-drivable fallback          -> 59
  STUFF : obs-str-bar-fallback           -> 60
  IGNORE: out of roi
  STUFF : parking                        -> 57
  THING : person
  THING : pole
  THING : polegroup
  STUFF : rail track                     -> 18
  IGNORE: rectification border
  THING : rider
  STUFF : road                           -> 20
  STUFF : sidewalk                       -> 56
  STUFF : sky                            -> 39
  THING : traffic light
  THING : traffic sign
  THING : trailer
  THING : train
  THING : truck
  STUFF : tunnel                         -> 2
  IGNORE: unlabeled
  STUFF : vegetation                     -> 61
  THING : vehicle fallback
  STUFF : wall                           -> 51

IDD dataset:
  Train: 5966
  Val  : 1016

Loading COCO 53-class teacher...
Teacher loaded: deeplabv3_coco_52ktrn_10epch_stuff_val_best.pt

Building 62-class student...
Student classifier expanded: 53 -> 63
[2026-09-18 16:01:20] 
IDD labels found:
[2026-09-18 16:01:20]   THING : animal
[2026-09-18 16:01:20]   THING : autorickshaw
[2026-09-18 16:01:20]   THING : bicycle
[2026-09-18 16:01:20]   STUFF : billboard                      -> 53
[2026-09-18 16:01:20]   STUFF : bridge                         -> 2
[2026-09-18 16:01:20]   STUFF : building                       -> 49
[2026-09-18 16:01:20]   THING : bus
[2026-09-18 16:01:20]   THING : car
[2026-09-18 16:01:20]   THING : caravan
[2026-09-18 16:01:20]   STUFF : curb                           -> 54
[2026-09-18 16:01:20]   STUFF : drivable fallback              -> 58
[2026-09-18 16:01:21]   IGNORE: ego vehicle
[2026-09-18 16:01:21]   STUFF : fallback background            -> 255
[2026-09-18 16:01:21]   STUFF : fence                          -> 37
[2026-09-18 16:01:21]   STUFF : ground                         -> 62
[2026-09-18 16:01:21]   STUFF : guard rail                     -> 55
[2026-09-18 16:01:21]   IGNORE: license plate
[2026-09-18 16:01:21]   THING : motorcycle
[2026-09-18 16:01:21]   STUFF : non-drivable fallback          -> 59
[2026-09-18 16:01:21]   STUFF : obs-str-bar-fallback           -> 60
[2026-09-18 16:01:21]   IGNORE: out of roi
[2026-09-18 16:01:21]   STUFF : parking                        -> 57
[2026-09-18 16:01:21]   THING : person
[2026-09-18 16:01:21]   THING : pole
[2026-09-18 16:01:21]   THING : polegroup
[2026-09-18 16:01:21]   STUFF : rail track                     -> 18
[2026-09-18 16:01:21]   IGNORE: rectification border
[2026-09-18 16:01:21]   THING : rider
[2026-09-18 16:01:21]   STUFF : road                           -> 20
[2026-09-18 16:01:21]   STUFF : sidewalk                       -> 56
[2026-09-18 16:01:21]   STUFF : sky                            -> 39
[2026-09-18 16:01:21]   THING : traffic light
[2026-09-18 16:01:21]   THING : traffic sign
[2026-09-18 16:01:21]   THING : trailer
[2026-09-18 16:01:21]   THING : train
[2026-09-18 16:01:21]   THING : truck
[2026-09-18 16:01:21]   STUFF : tunnel                         -> 2
[2026-09-18 16:01:21]   IGNORE: unlabeled
[2026-09-18 16:01:21]   STUFF : vegetation                     -> 61
[2026-09-18 16:01:21]   THING : vehicle fallback
[2026-09-18 16:01:21]   STUFF : wall                           -> 51
[2026-09-18 16:01:21] 
IDD dataset:
  Train: 5966
  Val  : 1016
[2026-09-18 16:01:21] 
Loading COCO 53-class teacher...
[2026-09-18 16:01:22] Teacher loaded: deeplabv3_coco_52ktrn_10epch_stuff_val_best.pt
[2026-09-18 16:01:22] 
Building 62-class student...
[2026-09-18 16:01:22] Student classifier expanded: 53 -> 63
[2026-09-18 16:16:45] Epoch 1/10
Train total loss : 0.6828
Train CE loss    : 0.5292
Train KD loss    : 0.1536
[2026-09-18 16:16:45] Val loss         : 0.4306
Val mIoU         : 0.3753
Old 53 mIoU      : 0.3556
New 9 mIoU        : 0.3973
Epoch time       : 922.3 sec
[2026-09-18 16:16:45] 
Per-class IoU:
[2026-09-18 16:16:45] 02 bridge                         0.5428
[2026-09-18 16:16:45] 20 road                           0.8987
[2026-09-18 16:16:45] 37 fence-merged                   0.1455
[2026-09-18 16:16:45] 39 sky-other-merged               0.9472
[2026-09-18 16:16:45] 49 building-other-merged          0.6500
[2026-09-18 16:16:45] 51 wall-other-merged              0.3716
[2026-09-18 16:16:45] 53 billboard                      0.3482
[2026-09-18 16:16:45] 54 curb                           0.6069
[2026-09-18 16:16:45] 55 guard rail                     0.2668
[2026-09-18 16:16:45] 56 sidewalk                       0.3542
[2026-09-18 16:16:45] 58 drivable fallback              0.5447
[2026-09-18 16:16:45] 59 non-drivable fallback          0.3598
[2026-09-18 16:16:45] 60 obs-str-bar-fallback           0.2785
[2026-09-18 16:16:45] 61 vegetation                     0.8165
[2026-09-18 16:16:45] 
Checkpoint saved:
 deeplabv3_coco_idd_62.pt
[2026-09-18 16:16:46] BEST MODEL UPDATED
 mIoU = 0.3753
deeplabv3_coco_idd_62_best.pt
[2026-09-18 16:32:00] Epoch 2/10
Train total loss : 0.5000
Train CE loss    : 0.3989
Train KD loss    : 0.1011
[2026-09-18 16:32:00] Val loss         : 0.3950
Val mIoU         : 0.3975
Old 53 mIoU      : 0.3680
New 9 mIoU        : 0.4303
Epoch time       : 914.0 sec
[2026-09-18 16:32:00] 
Per-class IoU:
[2026-09-18 16:32:00] 02 bridge                         0.5894
[2026-09-18 16:32:00] 20 road                           0.9032
[2026-09-18 16:32:00] 37 fence-merged                   0.1513
[2026-09-18 16:32:00] 39 sky-other-merged               0.9521
[2026-09-18 16:32:00] 49 building-other-merged          0.6711
[2026-09-18 16:32:00] 51 wall-other-merged              0.4128
[2026-09-18 16:32:00] 53 billboard                      0.3754
[2026-09-18 16:32:00] 54 curb                           0.6595
[2026-09-18 16:32:00] 55 guard rail                     0.3178
[2026-09-18 16:32:00] 56 sidewalk                       0.4268
[2026-09-18 16:32:00] 58 drivable fallback              0.5616
[2026-09-18 16:32:00] 59 non-drivable fallback          0.3837
[2026-09-18 16:32:00] 60 obs-str-bar-fallback           0.3184
[2026-09-18 16:32:00] 61 vegetation                     0.8298
[2026-09-18 16:32:00] 
Checkpoint saved:
 deeplabv3_coco_idd_62.pt
[2026-09-18 16:32:01] BEST MODEL UPDATED
 mIoU = 0.3975
deeplabv3_coco_idd_62_best.pt
[2026-09-18 16:47:20] Epoch 3/10
Train total loss : 0.4476
Train CE loss    : 0.3616
Train KD loss    : 0.0860
[2026-09-18 16:47:20] Val loss         : 0.3696
Val mIoU         : 0.4319
Old 53 mIoU      : 0.4144
New 9 mIoU        : 0.4493
Epoch time       : 919.4 sec
[2026-09-18 16:47:20] 
Per-class IoU:
[2026-09-18 16:47:20] 02 bridge                         0.5966
[2026-09-18 16:47:20] 20 road                           0.9138
[2026-09-18 16:47:20] 37 fence-merged                   0.1676
[2026-09-18 16:47:20] 39 sky-other-merged               0.9552
[2026-09-18 16:47:20] 49 building-other-merged          0.6818
[2026-09-18 16:47:20] 51 wall-other-merged              0.4150
[2026-09-18 16:47:20] 53 billboard                      0.4385
[2026-09-18 16:47:20] 54 curb                           0.6793
[2026-09-18 16:47:20] 55 guard rail                     0.3454
[2026-09-18 16:47:20] 56 sidewalk                       0.4373
[2026-09-18 16:47:20] 58 drivable fallback              0.5780
[2026-09-18 16:47:20] 59 non-drivable fallback          0.3675
[2026-09-18 16:47:20] 60 obs-str-bar-fallback           0.3621
[2026-09-18 16:47:20] 61 vegetation                     0.8353
[2026-09-18 16:47:21] 
Checkpoint saved:
 deeplabv3_coco_idd_62.pt
[2026-09-18 16:47:22] BEST MODEL UPDATED
 mIoU = 0.4319
deeplabv3_coco_idd_62_best.pt
[2026-09-18 17:02:44] Epoch 4/10
Train total loss : 0.4124
Train CE loss    : 0.3346
Train KD loss    : 0.0778
[2026-09-18 17:02:44] Val loss         : 0.3551
Val mIoU         : 0.4492
Old 53 mIoU      : 0.4293
New 9 mIoU        : 0.4690
Epoch time       : 922.2 sec
[2026-09-18 17:02:44] 
Per-class IoU:
[2026-09-18 17:02:44] 02 bridge                         0.6389
[2026-09-18 17:02:44] 20 road                           0.9146
[2026-09-18 17:02:44] 37 fence-merged                   0.2438
[2026-09-18 17:02:44] 39 sky-other-merged               0.9572
[2026-09-18 17:02:44] 49 building-other-merged          0.6913
[2026-09-18 17:02:44] 51 wall-other-merged              0.4185
[2026-09-18 17:02:44] 53 billboard                      0.4457
[2026-09-18 17:02:44] 54 curb                           0.7071
[2026-09-18 17:02:44] 55 guard rail                     0.3818
[2026-09-18 17:02:44] 56 sidewalk                       0.4750
[2026-09-18 17:02:44] 58 drivable fallback              0.5977
[2026-09-18 17:02:44] 59 non-drivable fallback          0.4000
[2026-09-18 17:02:44] 60 obs-str-bar-fallback           0.3753
[2026-09-18 17:02:44] 61 vegetation                     0.8387
[2026-09-18 17:02:45] 
Checkpoint saved:
 deeplabv3_coco_idd_62.pt
[2026-09-18 17:02:45] BEST MODEL UPDATED
 mIoU = 0.4492
deeplabv3_coco_idd_62_best.pt
[2026-09-18 17:18:04] Epoch 5/10
Train total loss : 0.3842
Train CE loss    : 0.3143
Train KD loss    : 0.0700
[2026-09-18 17:18:04] Val loss         : 0.3482
Val mIoU         : 0.4515
Old 53 mIoU      : 0.4362
New 9 mIoU        : 0.4667
Epoch time       : 918.6 sec
[2026-09-18 17:18:04] 
Per-class IoU:
[2026-09-18 17:18:04] 02 bridge                         0.6647
[2026-09-18 17:18:04] 20 road                           0.9174
[2026-09-18 17:18:04] 37 fence-merged                   0.2475
[2026-09-18 17:18:04] 39 sky-other-merged               0.9580
[2026-09-18 17:18:04] 49 building-other-merged          0.6983
[2026-09-18 17:18:04] 51 wall-other-merged              0.4401
[2026-09-18 17:18:04] 53 billboard                      0.4555
[2026-09-18 17:18:04] 54 curb                           0.7024
[2026-09-18 17:18:04] 55 guard rail                     0.3725
[2026-09-18 17:18:04] 56 sidewalk                       0.4651
[2026-09-18 17:18:04] 58 drivable fallback              0.5930
[2026-09-18 17:18:04] 59 non-drivable fallback          0.3975
[2026-09-18 17:18:04] 60 obs-str-bar-fallback           0.3748
[2026-09-18 17:18:04] 61 vegetation                     0.8394
[2026-09-18 17:18:04] 
Checkpoint saved:
 deeplabv3_coco_idd_62.pt
[2026-09-18 17:18:05] BEST MODEL UPDATED
 mIoU = 0.4515
deeplabv3_coco_idd_62_best.pt
[2026-09-18 17:33:25] Epoch 6/10
Train total loss : 0.3623
Train CE loss    : 0.2988
Train KD loss    : 0.0636
[2026-09-18 17:33:25] Val loss         : 0.3417
Val mIoU         : 0.4336
Old 53 mIoU      : 0.3963
New 9 mIoU        : 0.4750
Epoch time       : 920.3 sec
[2026-09-18 17:33:25] 
Per-class IoU:
[2026-09-18 17:33:25] 02 bridge                         0.6761
[2026-09-18 17:33:25] 20 road                           0.9195
[2026-09-18 17:33:25] 37 fence-merged                   0.2700
[2026-09-18 17:33:25] 39 sky-other-merged               0.9594
[2026-09-18 17:33:25] 49 building-other-merged          0.7012
[2026-09-18 17:33:25] 51 wall-other-merged              0.4368
[2026-09-18 17:33:25] 53 billboard                      0.4596
[2026-09-18 17:33:25] 54 curb                           0.7097
[2026-09-18 17:33:25] 55 guard rail                     0.3768
[2026-09-18 17:33:25] 56 sidewalk                       0.4740
[2026-09-18 17:33:25] 58 drivable fallback              0.6016
[2026-09-18 17:33:25] 59 non-drivable fallback          0.4120
[2026-09-18 17:33:25] 60 obs-str-bar-fallback           0.3971
[2026-09-18 17:33:25] 61 vegetation                     0.8439
[2026-09-18 17:33:26] 
Checkpoint saved:
 deeplabv3_coco_idd_62.pt
[2026-09-18 17:33:26] No meaningful improvement (1/7)
[2026-09-18 17:48:49] Epoch 7/10
Train total loss : 0.3455
Train CE loss    : 0.2875
Train KD loss    : 0.0580
[2026-09-18 17:48:49] Val loss         : 0.3411
Val mIoU         : 0.4609
Old 53 mIoU      : 0.4424
New 9 mIoU        : 0.4794
Epoch time       : 922.6 sec
[2026-09-18 17:48:49] 
Per-class IoU:
[2026-09-18 17:48:49] 02 bridge                         0.6824
[2026-09-18 17:48:49] 20 road                           0.9201
[2026-09-18 17:48:49] 37 fence-merged                   0.2739
[2026-09-18 17:48:49] 39 sky-other-merged               0.9589
[2026-09-18 17:48:49] 49 building-other-merged          0.7018
[2026-09-18 17:48:49] 51 wall-other-merged              0.4446
[2026-09-18 17:48:49] 53 billboard                      0.4629
[2026-09-18 17:48:49] 54 curb                           0.7193
[2026-09-18 17:48:49] 55 guard rail                     0.3961
[2026-09-18 17:48:49] 56 sidewalk                       0.4874
[2026-09-18 17:48:49] 58 drivable fallback              0.6065
[2026-09-18 17:48:49] 59 non-drivable fallback          0.3931
[2026-09-18 17:48:49] 60 obs-str-bar-fallback           0.4055
[2026-09-18 17:48:49] 61 vegetation                     0.8439
[2026-09-18 17:48:49] 
Checkpoint saved:
 deeplabv3_coco_idd_62.pt
[2026-09-18 17:48:50] BEST MODEL UPDATED
 mIoU = 0.4609
deeplabv3_coco_idd_62_best.pt
[2026-09-18 18:04:10] Epoch 8/10
Train total loss : 0.3345
Train CE loss    : 0.2789
Train KD loss    : 0.0556
[2026-09-18 18:04:10] Val loss         : 0.3383
Val mIoU         : 0.4635
Old 53 mIoU      : 0.4434
New 9 mIoU        : 0.4835
Epoch time       : 920.7 sec
[2026-09-18 18:04:10] 
Per-class IoU:
[2026-09-18 18:04:10] 02 bridge                         0.6761
[2026-09-18 18:04:10] 20 road                           0.9199
[2026-09-18 18:04:10] 37 fence-merged                   0.2890
[2026-09-18 18:04:11] 39 sky-other-merged               0.9596
[2026-09-18 18:04:11] 49 building-other-merged          0.7029
[2026-09-18 18:04:11] 51 wall-other-merged              0.4434
[2026-09-18 18:04:11] 53 billboard                      0.4648
[2026-09-18 18:04:11] 54 curb                           0.7202
[2026-09-18 18:04:11] 55 guard rail                     0.4047
[2026-09-18 18:04:11] 56 sidewalk                       0.4796
[2026-09-18 18:04:11] 58 drivable fallback              0.6108
[2026-09-18 18:04:11] 59 non-drivable fallback          0.4198
[2026-09-18 18:04:11] 60 obs-str-bar-fallback           0.4056
[2026-09-18 18:04:11] 61 vegetation                     0.8463
[2026-09-18 18:04:11] 
Checkpoint saved:
 deeplabv3_coco_idd_62.pt
[2026-09-18 18:04:12] BEST MODEL UPDATED
 mIoU = 0.4635
deeplabv3_coco_idd_62_best.pt
[2026-09-18 18:19:33] Epoch 9/10
Train total loss : 0.3267
Train CE loss    : 0.2747
Train KD loss    : 0.0520
[2026-09-18 18:19:33] Val loss         : 0.3364
Val mIoU         : 0.4635
Old 53 mIoU      : 0.4440
New 9 mIoU        : 0.4831
Epoch time       : 921.8 sec
[2026-09-18 18:19:33] 
Per-class IoU:
[2026-09-18 18:19:33] 02 bridge                         0.6743
[2026-09-18 18:19:33] 20 road                           0.9210
[2026-09-18 18:19:33] 37 fence-merged                   0.2857
[2026-09-18 18:19:33] 39 sky-other-merged               0.9595
[2026-09-18 18:19:33] 49 building-other-merged          0.7054
[2026-09-18 18:19:34] 51 wall-other-merged              0.4501
[2026-09-18 18:19:34] 53 billboard                      0.4601
[2026-09-18 18:19:34] 54 curb                           0.7234
[2026-09-18 18:19:34] 55 guard rail                     0.3975
[2026-09-18 18:19:34] 56 sidewalk                       0.4843
[2026-09-18 18:19:34] 58 drivable fallback              0.6126
[2026-09-18 18:19:34] 59 non-drivable fallback          0.4125
[2026-09-18 18:19:34] 60 obs-str-bar-fallback           0.4104
[2026-09-18 18:19:34] 61 vegetation                     0.8471
[2026-09-18 18:19:34] 
Checkpoint saved:
 deeplabv3_coco_idd_62.pt
[2026-09-18 18:19:34] No meaningful improvement (1/7)
[2026-09-18 18:34:58] Epoch 10/10
Train total loss : 0.3228
Train CE loss    : 0.2716
Train KD loss    : 0.0512
[2026-09-18 18:34:58] Val loss         : 0.3367
Val mIoU         : 0.4643
Old 53 mIoU      : 0.4443
New 9 mIoU        : 0.4843
Epoch time       : 923.4 sec
[2026-09-18 18:34:58] 
Per-class IoU:
[2026-09-18 18:34:58] 02 bridge                         0.6781
[2026-09-18 18:34:58] 20 road                           0.9215
[2026-09-18 18:34:58] 37 fence-merged                   0.2876
[2026-09-18 18:34:58] 39 sky-other-merged               0.9597
[2026-09-18 18:34:58] 49 building-other-merged          0.7052
[2026-09-18 18:34:58] 51 wall-other-merged              0.4466
[2026-09-18 18:34:58] 53 billboard                      0.4591
[2026-09-18 18:34:58] 54 curb                           0.7266
[2026-09-18 18:34:58] 55 guard rail                     0.3976
[2026-09-18 18:34:58] 56 sidewalk                       0.4965
[2026-09-18 18:34:58] 58 drivable fallback              0.6151
[2026-09-18 18:34:58] 59 non-drivable fallback          0.4164
[2026-09-18 18:34:58] 60 obs-str-bar-fallback           0.4007
[2026-09-18 18:34:58] 61 vegetation                     0.8470
[2026-09-18 18:34:58] 
Checkpoint saved:
 deeplabv3_coco_idd_62.pt
[2026-09-18 18:34:58] No meaningful improvement (2/7)
[2026-09-18 18:34:58] Best validation mIoU : 0.4635
[2026-09-18 18:34:58] Best model           : deeplabv3_coco_idd_62_best.pt
